// Jest Snapshot v1, https://goo.gl/fbAQLP

exports[`BadgeBox renders correctly with default props 1`] = `
<View
  style={
    [
      {
        "alignItems": "center",
        "alignSelf": "flex-start",
        "borderRadius": 12,
        "flexDirection": "row",
        "gap": 8,
        "justifyContent": "center",
        "overflow": "hidden",
        "paddingHorizontal": 15,
        "paddingVertical": 4,
      },
      {
        "backgroundColor": "rgba(243, 243, 243, 1)",
      },
      undefined,
    ]
  }
>
  <Text
    numberOfLines={0}
    small={true}
    style={
      [
        {
          "fontSize": 12,
        },
        {
          "color": "#1c1c1e",
        },
        {
          "fontFamily": "DMSans-Regular",
        },
        [
          {
            "color": "rgba(37, 42, 72, 0.2)",
          },
          undefined,
        ],
      ]
    }
  >
    Badge
  </Text>
</View>
`;
