// Jest Snapshot v1, https://goo.gl/fbAQLP

exports[`TimeLineContainer renders correctly with default props 1`] = `
<View
  style={
    {
      "flexDirection": "row",
      "justifyContent": "space-between",
    }
  }
>
  <View
    accessibilityState={
      {
        "busy": undefined,
        "checked": undefined,
        "disabled": undefined,
        "expanded": undefined,
        "selected": undefined,
      }
    }
    accessibilityValue={
      {
        "max": undefined,
        "min": undefined,
        "now": undefined,
        "text": undefined,
      }
    }
    accessible={true}
    collapsable={false}
    focusable={true}
    onBlur={[Function]}
    onClick={[Function]}
    onFocus={[Function]}
    onResponderGrant={[Function]}
    onResponderMove={[Function]}
    onResponderRelease={[Function]}
    onResponderTerminate={[Function]}
    onResponderTerminationRequest={[Function]}
    onStartShouldSetResponder={[Function]}
  >
    <View
      style={
        [
          {
            "alignItems": "center",
            "alignSelf": "flex-start",
            "borderRadius": 12,
            "flexDirection": "row",
            "gap": 8,
            "justifyContent": "center",
            "overflow": "hidden",
            "paddingHorizontal": 15,
            "paddingVertical": 4,
          },
          {
            "backgroundColor": "rgba(243, 243, 243, 1)",
          },
          {
            "paddingVertical": 5,
            "width": 220.58823529411765,
          },
        ]
      }
    >
      <Text
        numberOfLines={0}
        small={true}
        style={
          [
            {
              "fontSize": 12,
            },
            {
              "color": "#1c1c1e",
            },
            {
              "fontFamily": "DMSans-Regular",
            },
            [
              {
                "color": "rgba(37, 42, 72, 0.2)",
              },
              {
                "fontSize": 15,
              },
            ],
          ]
        }
      >
        Weekly
      </Text>
    </View>
  </View>
  <View
    accessibilityState={
      {
        "busy": undefined,
        "checked": undefined,
        "disabled": undefined,
        "expanded": undefined,
        "selected": undefined,
      }
    }
    accessibilityValue={
      {
        "max": undefined,
        "min": undefined,
        "now": undefined,
        "text": undefined,
      }
    }
    accessible={true}
    collapsable={false}
    focusable={true}
    onBlur={[Function]}
    onClick={[Function]}
    onFocus={[Function]}
    onResponderGrant={[Function]}
    onResponderMove={[Function]}
    onResponderRelease={[Function]}
    onResponderTerminate={[Function]}
    onResponderTerminationRequest={[Function]}
    onStartShouldSetResponder={[Function]}
  >
    <View
      style={
        [
          {
            "alignItems": "center",
            "alignSelf": "flex-start",
            "borderRadius": 12,
            "flexDirection": "row",
            "gap": 8,
            "justifyContent": "center",
            "overflow": "hidden",
            "paddingHorizontal": 15,
            "paddingVertical": 4,
          },
          {
            "backgroundColor": "rgba(243, 243, 243, 1)",
          },
          {
            "paddingVertical": 5,
            "width": 220.58823529411765,
          },
        ]
      }
    >
      <Text
        numberOfLines={0}
        small={true}
        style={
          [
            {
              "fontSize": 12,
            },
            {
              "color": "#1c1c1e",
            },
            {
              "fontFamily": "DMSans-Regular",
            },
            [
              {
                "color": "rgba(37, 42, 72, 0.2)",
              },
              {
                "fontSize": 15,
              },
            ],
          ]
        }
      >
        Monthly
      </Text>
    </View>
  </View>
  <View
    accessibilityState={
      {
        "busy": undefined,
        "checked": undefined,
        "disabled": undefined,
        "expanded": undefined,
        "selected": undefined,
      }
    }
    accessibilityValue={
      {
        "max": undefined,
        "min": undefined,
        "now": undefined,
        "text": undefined,
      }
    }
    accessible={true}
    collapsable={false}
    focusable={true}
    onBlur={[Function]}
    onClick={[Function]}
    onFocus={[Function]}
    onResponderGrant={[Function]}
    onResponderMove={[Function]}
    onResponderRelease={[Function]}
    onResponderTerminate={[Function]}
    onResponderTerminationRequest={[Function]}
    onStartShouldSetResponder={[Function]}
  >
    <View
      style={
        [
          {
            "alignItems": "center",
            "alignSelf": "flex-start",
            "borderRadius": 12,
            "flexDirection": "row",
            "gap": 8,
            "justifyContent": "center",
            "overflow": "hidden",
            "paddingHorizontal": 15,
            "paddingVertical": 4,
          },
          {
            "backgroundColor": "rgba(243, 243, 243, 1)",
          },
          {
            "paddingVertical": 5,
            "width": 220.58823529411765,
          },
        ]
      }
    >
      <Text
        numberOfLines={0}
        small={true}
        style={
          [
            {
              "fontSize": 12,
            },
            {
              "color": "#1c1c1e",
            },
            {
              "fontFamily": "DMSans-Regular",
            },
            [
              {
                "color": "rgba(37, 42, 72, 0.2)",
              },
              {
                "fontSize": 15,
              },
            ],
          ]
        }
      >
        Yearly
      </Text>
    </View>
  </View>
</View>
`;
